// Jest Snapshot v1, https://goo.gl/fbAQLP

exports[`findLastIndex should throw TypeError when function was not passed 1`] = `"undefined is not a function"`;

exports[`findLastIndex should throw when array is null or undefined 1`] = `"Cannot call method on undefined"`;

exports[`findLastIndex should throw when array is null or undefined 2`] = `"Cannot call method on undefined"`;

exports[`findLastIndex should throw when array is null or undefined 3`] = `"Cannot call method on null"`;
